  Determining projects to restore...
  All projects are up-to-date for restore.
  EuskalIA.Server -> /Users/igoraresti/EuskalIA/server/EuskalIA.Server/bin/Debug/net9.0/EuskalIA.Server.dll
  EuskalIA.Tests -> /Users/igoraresti/EuskalIA/server/EuskalIA.Tests/bin/Debug/net9.0/EuskalIA.Tests.dll
  [coverlet] _mapping file name: 'CoverletSourceRootsMapping_EuskalIA.Tests'
Test run for /Users/igoraresti/EuskalIA/server/EuskalIA.Tests/bin/Debug/net9.0/EuskalIA.Tests.dll (.NETCoreApp,Version=v9.0)
VSTest version 17.13.0 (x64)

Starting test execution, please wait...
A total of 1 test files matched the specified pattern.

Passed!  - Failed:     0, Passed:     9, Skipped:     0, Total:     9, Duration: 1 s - EuskalIA.Tests.dll (net9.0)
  [coverlet] 
  Calculating coverage result...
   Generating report '/Users/igoraresti/EuskalIA/server/EuskalIA.Tests/coverage.json'

+-----------------+------+--------+--------+
| Module          | Line | Branch | Method |
+-----------------+------+--------+--------+
| EuskalIA.Server | 100% | 100%   | 100%   |
+-----------------+------+--------+--------+

+---------+------+--------+--------+
|         | Line | Branch | Method |
+---------+------+--------+--------+
| Total   | 100% | 100%   | 100%   |
+---------+------+--------+--------+
| Average | 100% | 100%   | 100%   |
+---------+------+--------+--------+

